// Jest Snapshot v1, https://goo.gl/fbAQLP

exports[`testing Home page should render the Home page correctly 1`] = `
Object {
  "asFragment": [Function],
  "baseElement": <body>
    <div>
      <img
        alt="cryptoHub"
        class="bannerImg"
        src="./cryptoHub.jpg"
      />
      <nav
        class="navbar"
      >
        <a
          class="Nav"
          href="/"
        >
          CryptoHub
        </a>
        <div
          class="navIcon"
        >
          <i
            class="fa fa-gear"
          />
          <i
            class="fa fa-microphone"
          />
        </div>
      </nav>
      <div
        class="inputCtn"
      >
        <input
          class="input"
          placeholder="Search or filter coins by name or symbol"
          type="text"
          value=""
        />
      </div>
      <div
        class="allCoins"
      />
    </div>
  </body>,
  "container": <div>
    <img
      alt="cryptoHub"
      class="bannerImg"
      src="./cryptoHub.jpg"
    />
    <nav
      class="navbar"
    >
      <a
        class="Nav"
        href="/"
      >
        CryptoHub
      </a>
      <div
        class="navIcon"
      >
        <i
          class="fa fa-gear"
        />
        <i
          class="fa fa-microphone"
        />
      </div>
    </nav>
    <div
      class="inputCtn"
    >
      <input
        class="input"
        placeholder="Search or filter coins by name or symbol"
        type="text"
        value=""
      />
    </div>
    <div
      class="allCoins"
    />
  </div>,
  "debug": [Function],
  "findAllByAltText": [Function],
  "findAllByDisplayValue": [Function],
  "findAllByLabelText": [Function],
  "findAllByPlaceholderText": [Function],
  "findAllByRole": [Function],
  "findAllByTestId": [Function],
  "findAllByText": [Function],
  "findAllByTitle": [Function],
  "findByAltText": [Function],
  "findByDisplayValue": [Function],
  "findByLabelText": [Function],
  "findByPlaceholderText": [Function],
  "findByRole": [Function],
  "findByTestId": [Function],
  "findByText": [Function],
  "findByTitle": [Function],
  "getAllByAltText": [Function],
  "getAllByDisplayValue": [Function],
  "getAllByLabelText": [Function],
  "getAllByPlaceholderText": [Function],
  "getAllByRole": [Function],
  "getAllByTestId": [Function],
  "getAllByText": [Function],
  "getAllByTitle": [Function],
  "getByAltText": [Function],
  "getByDisplayValue": [Function],
  "getByLabelText": [Function],
  "getByPlaceholderText": [Function],
  "getByRole": [Function],
  "getByTestId": [Function],
  "getByText": [Function],
  "getByTitle": [Function],
  "queryAllByAltText": [Function],
  "queryAllByDisplayValue": [Function],
  "queryAllByLabelText": [Function],
  "queryAllByPlaceholderText": [Function],
  "queryAllByRole": [Function],
  "queryAllByTestId": [Function],
  "queryAllByText": [Function],
  "queryAllByTitle": [Function],
  "queryByAltText": [Function],
  "queryByDisplayValue": [Function],
  "queryByLabelText": [Function],
  "queryByPlaceholderText": [Function],
  "queryByRole": [Function],
  "queryByTestId": [Function],
  "queryByText": [Function],
  "queryByTitle": [Function],
  "rerender": [Function],
  "unmount": [Function],
}
`;
